This is pdfTeX, Version 3.141592653-2.6-1.40.29 (TeX Live 2026/Arch Linux) (preloaded format=pdflatex 2026.9.16)  23 SEP 2026 19:17
entering extended mode
 restricted \write18 enabled.
 %&-line parsing enabled.
**main_jest.tex
(./main_jest.tex
LaTeX2e <2025-11-01>
L3 programming layer <2026-01-19>
(/usr/share/texmf-dist/tex/latex/elsarticle/elsarticle.cls
Document Class: elsarticle 2026/01/09, 3.5: Elsevier Ltd
(/usr/share/texmf-dist/tex/latex/base/fontenc.sty
Package: fontenc 2025/07/18 v2.1d Standard LaTeX package
)
(/usr/share/texmf-dist/tex/latex/l3kernel/expl3.sty
Package: expl3 2026-01-19 L3 programming layer (loader) 

(/usr/share/texmf-dist/tex/latex/l3backend/l3backend-pdftex.def
File: l3backend-pdftex.def 2025-10-09 L3 backend support: PDF output (pdfTeX)
\l__color_backend_stack_int=\count275
))
(/usr/share/texmf-dist/tex/latex/l3packages/xparse/xparse.sty
Package: xparse 2025-10-09 L3 Experimental document command parser
)
(/usr/share/texmf-dist/tex/latex/etoolbox/etoolbox.sty
Package: etoolbox 2025/10/02 v2.5m e-TeX tools for LaTeX (JAW)
\etb@tempcnta=\count276
)
\@bls=\dimen148

(/usr/share/texmf-dist/tex/latex/base/article.cls
Document Class: article 2025/01/22 v1.4n Standard LaTeX document class
(/usr/share/texmf-dist/tex/latex/base/size12.clo
File: size12.clo 2025/01/22 v1.4n Standard LaTeX file (size option)
)
\c@part=\count277
\c@section=\count278
\c@subsection=\count279
\c@subsubsection=\count280
\c@paragraph=\count281
\c@subparagraph=\count282
\c@figure=\count283
\c@table=\count284
\abovecaptionskip=\skip49
\belowcaptionskip=\skip50
\bibindent=\dimen149
)
(/usr/share/texmf-dist/tex/latex/graphics/graphicx.sty
Package: graphicx 2024/12/31 v1.2e Enhanced LaTeX Graphics (DPC,SPQR)

(/usr/share/texmf-dist/tex/latex/graphics/keyval.sty
Package: keyval 2022/05/29 v1.15 key=value parser (DPC)
\KV@toks@=\toks17
)
(/usr/share/texmf-dist/tex/latex/graphics/graphics.sty
Package: graphics 2024/08/06 v1.4g Standard LaTeX Graphics (DPC,SPQR)

(/usr/share/texmf-dist/tex/latex/graphics/trig.sty
Package: trig 2023/12/02 v1.11 sin cos tan (DPC)
)
(/usr/share/texmf-dist/tex/latex/graphics-cfg/graphics.cfg
File: graphics.cfg 2016/06/04 v1.11 sample graphics configuration
)
Package graphics Info: Driver file: pdftex.def on input line 106.

(/usr/share/texmf-dist/tex/latex/graphics-def/pdftex.def
File: pdftex.def 2025/09/29 v1.2d Graphics/color driver for pdftex
))
\Gin@req@height=\dimen150
\Gin@req@width=\dimen151
)
\c@tnote=\count285
\c@fnote=\count286
\c@cnote=\count287
\c@ead=\count288
\c@elsarticle@author=\count289
\@eadauthor=\toks18
\c@affn=\count290
\absbox=\box53
\elsarticlehighlightsbox=\box54
\elsarticlegrabsbox=\box55
\keybox=\box56
\Columnwidth=\dimen152
\space@left=\dimen153
\els@boxa=\box57
\els@boxb=\box58
\leftMargin=\dimen154
\@enLab=\toks19
\@sep=\skip51
\@@sep=\skip52
 (./main_jest.spl)
(/usr/share/texmf-dist/tex/latex/natbib/natbib.sty
Package: natbib 2010/09/13 8.31b (PWD, AO)
\bibhang=\skip53
\bibsep=\skip54
LaTeX Info: Redefining \cite on input line 694.
\c@NAT@ctr=\count291
)
\splwrite=\write3
\openout3 = `main_jest.spl'.

\appnamewidth=\dimen155
)
(/usr/share/texmf-dist/tex/latex/amsmath/amsmath.sty
Package: amsmath 2025/07/09 v2.17z AMS math features
\@mathmargin=\skip55

For additional information on amsmath, use the `?' option.
(/usr/share/texmf-dist/tex/latex/amsmath/amstext.sty
Package: amstext 2024/11/17 v2.01 AMS text

(/usr/share/texmf-dist/tex/latex/amsmath/amsgen.sty
File: amsgen.sty 1999/11/30 v2.0 generic functions
\@emptytoks=\toks20
\ex@=\dimen156
))
(/usr/share/texmf-dist/tex/latex/amsmath/amsbsy.sty
Package: amsbsy 1999/11/29 v1.2d Bold Symbols
\pmbraise@=\dimen157
)
(/usr/share/texmf-dist/tex/latex/amsmath/amsopn.sty
Package: amsopn 2022/04/08 v2.04 operator names
)
\inf@bad=\count292
LaTeX Info: Redefining \frac on input line 233.
\uproot@=\count293
\leftroot@=\count294
LaTeX Info: Redefining \overline on input line 398.
LaTeX Info: Redefining \colon on input line 409.
\classnum@=\count295
\DOTSCASE@=\count296
LaTeX Info: Redefining \ldots on input line 495.
LaTeX Info: Redefining \dots on input line 498.
LaTeX Info: Redefining \cdots on input line 619.
\Mathstrutbox@=\box59
\strutbox@=\box60
LaTeX Info: Redefining \big on input line 721.
LaTeX Info: Redefining \Big on input line 722.
LaTeX Info: Redefining \bigg on input line 723.
LaTeX Info: Redefining \Bigg on input line 724.
\big@size=\dimen158
LaTeX Font Info:    Redeclaring font encoding OML on input line 742.
LaTeX Font Info:    Redeclaring font encoding OMS on input line 743.
\macc@depth=\count297
LaTeX Info: Redefining \bmod on input line 904.
LaTeX Info: Redefining \pmod on input line 909.
LaTeX Info: Redefining \smash on input line 939.
LaTeX Info: Redefining \relbar on input line 969.
LaTeX Info: Redefining \Relbar on input line 970.
\c@MaxMatrixCols=\count298
\dotsspace@=\muskip17
\c@parentequation=\count299
\dspbrk@lvl=\count300
\tag@help=\toks21
\row@=\count301
\column@=\count302
\maxfields@=\count303
\andhelp@=\toks22
\eqnshift@=\dimen159
\alignsep@=\dimen160
\tagshift@=\dimen161
\tagwidth@=\dimen162
\totwidth@=\dimen163
\lineht@=\dimen164
\@envbody=\toks23
\multlinegap=\skip56
\multlinetaggap=\skip57
\mathdisplay@stack=\toks24
LaTeX Info: Redefining \[ on input line 2950.
LaTeX Info: Redefining \] on input line 2951.
)
(/usr/share/texmf-dist/tex/latex/booktabs/booktabs.sty
Package: booktabs 2020/01/12 v1.61803398 Publication quality tables
\heavyrulewidth=\dimen165
\lightrulewidth=\dimen166
\cmidrulewidth=\dimen167
\belowrulesep=\dimen168
\belowbottomsep=\dimen169
\aboverulesep=\dimen170
\abovetopsep=\dimen171
\cmidrulesep=\dimen172
\cmidrulekern=\dimen173
\defaultaddspace=\dimen174
\@cmidla=\count304
\@cmidlb=\count305
\@aboverulesep=\dimen175
\@belowrulesep=\dimen176
\@thisruleclass=\count306
\@lastruleclass=\count307
\@thisrulewidth=\dimen177
)
(/usr/share/texmf-dist/tex/latex/hyperref/hyperref.sty
Package: hyperref 2026-01-29 v7.01p Hypertext links for LaTeX

(/usr/share/texmf-dist/tex/generic/iftex/iftex.sty
Package: iftex 2024/12/12 v1.0g TeX engine tests
)
(/usr/share/texmf-dist/tex/latex/kvsetkeys/kvsetkeys.sty
Package: kvsetkeys 2022-10-05 v1.19 Key value parser (HO)
)
(/usr/share/texmf-dist/tex/generic/kvdefinekeys/kvdefinekeys.sty
Package: kvdefinekeys 2019-12-19 v1.6 Define keys (HO)
)
(/usr/share/texmf-dist/tex/generic/pdfescape/pdfescape.sty
Package: pdfescape 2019/12/09 v1.15 Implements pdfTeX's escape features (HO)

(/usr/share/texmf-dist/tex/generic/ltxcmds/ltxcmds.sty
Package: ltxcmds 2023-12-04 v1.26 LaTeX kernel commands for general use (HO)
)
(/usr/share/texmf-dist/tex/generic/pdftexcmds/pdftexcmds.sty
Package: pdftexcmds 2020-06-27 v0.33 Utility functions of pdfTeX for LuaTeX (HO
)

(/usr/share/texmf-dist/tex/generic/infwarerr/infwarerr.sty
Package: infwarerr 2019/12/03 v1.5 Providing info/warning/error messages (HO)
)
Package pdftexcmds Info: \pdf@primitive is available.
Package pdftexcmds Info: \pdf@ifprimitive is available.
Package pdftexcmds Info: \pdfdraftmode found.
))
(/usr/share/texmf-dist/tex/latex/hycolor/hycolor.sty
Package: hycolor 2020-01-27 v1.10 Color options for hyperref/bookmark (HO)
)
(/usr/share/texmf-dist/tex/latex/hyperref/nameref.sty
Package: nameref 2026-01-29 v2.58 Cross-referencing by name of section

(/usr/share/texmf-dist/tex/latex/refcount/refcount.sty
Package: refcount 2019/12/15 v3.6 Data extraction from label references (HO)
)
(/usr/share/texmf-dist/tex/generic/gettitlestring/gettitlestring.sty
Package: gettitlestring 2019/12/15 v1.6 Cleanup title references (HO)

(/usr/share/texmf-dist/tex/latex/kvoptions/kvoptions.sty
Package: kvoptions 2022-06-15 v3.15 Key value format for package options (HO)
))
\c@section@level=\count308
)
(/usr/share/texmf-dist/tex/generic/stringenc/stringenc.sty
Package: stringenc 2019/11/29 v1.12 Convert strings between diff. encodings (HO
)
)
\@linkdim=\dimen178
\Hy@linkcounter=\count309
\Hy@pagecounter=\count310

(/usr/share/texmf-dist/tex/latex/hyperref/pd1enc.def
File: pd1enc.def 2026-01-29 v7.01p Hyperref: PDFDocEncoding definition (HO)
Now handling font encoding PD1 ...
... no UTF-8 mapping file for font encoding PD1
)
(/usr/share/texmf-dist/tex/generic/intcalc/intcalc.sty
Package: intcalc 2019/12/15 v1.3 Expandable calculations with integers (HO)
)
\Hy@SavedSpaceFactor=\count311

(/usr/share/texmf-dist/tex/latex/hyperref/puenc.def
File: puenc.def 2026-01-29 v7.01p Hyperref: PDF Unicode definition (HO)
Now handling font encoding PU ...
... no UTF-8 mapping file for font encoding PU
)
Package hyperref Info: Option `colorlinks' set `true' on input line 4072.
Package hyperref Info: Hyper figures OFF on input line 4201.
Package hyperref Info: Link nesting OFF on input line 4206.
Package hyperref Info: Hyper index ON on input line 4209.
Package hyperref Info: Plain pages OFF on input line 4216.
Package hyperref Info: Backreferencing OFF on input line 4221.
Package hyperref Info: Implicit mode ON; LaTeX internals redefined.
Package hyperref Info: Bookmarks ON on input line 4468.
\c@Hy@tempcnt=\count312

(/usr/share/texmf-dist/tex/latex/url/url.sty
\Urlmuskip=\muskip18
Package: url 2013/09/16  ver 3.4  Verb mode for urls, etc.
)
LaTeX Info: Redefining \url on input line 4807.
\XeTeXLinkMargin=\dimen179

(/usr/share/texmf-dist/tex/generic/bitset/bitset.sty
Package: bitset 2019/12/09 v1.3 Handle bit-vector datatype (HO)

(/usr/share/texmf-dist/tex/generic/bigintcalc/bigintcalc.sty
Package: bigintcalc 2019/12/15 v1.5 Expandable calculations on big integers (HO
)
))
\Fld@menulength=\count313
\Field@Width=\dimen180
\Fld@charsize=\dimen181
Package hyperref Info: Hyper figures OFF on input line 6084.
Package hyperref Info: Link nesting OFF on input line 6089.
Package hyperref Info: Hyper index ON on input line 6092.
Package hyperref Info: backreferencing OFF on input line 6099.
Package hyperref Info: Link coloring ON on input line 6102.
Package hyperref Info: Link coloring with OCG OFF on input line 6109.
Package hyperref Info: PDF/A mode OFF on input line 6114.
\Hy@abspage=\count314
\c@Item=\count315
\c@Hfootnote=\count316
)
Package hyperref Info: Driver (autodetected): hpdftex.

(/usr/share/texmf-dist/tex/latex/hyperref/hpdftex.def
File: hpdftex.def 2026-01-29 v7.01p Hyperref driver for pdfTeX
\Fld@listcount=\count317
\c@bookmark@seq@number=\count318

(/usr/share/texmf-dist/tex/latex/rerunfilecheck/rerunfilecheck.sty
Package: rerunfilecheck 2025-06-21 v1.11 Rerun checks for auxiliary files (HO)

(/usr/share/texmf-dist/tex/generic/uniquecounter/uniquecounter.sty
Package: uniquecounter 2019/12/15 v1.4 Provide unlimited unique counter (HO)
)
Package uniquecounter Info: New unique counter `rerunfilecheck' on input line 2
84.
)
\Hy@SectionHShift=\skip58
)
(./main_jest.aux)
\openout1 = `main_jest.aux'.

LaTeX Font Info:    Checking defaults for OML/cmm/m/it on input line 7.
LaTeX Font Info:    ... okay on input line 7.
LaTeX Font Info:    Checking defaults for OMS/cmsy/m/n on input line 7.
LaTeX Font Info:    ... okay on input line 7.
LaTeX Font Info:    Checking defaults for OT1/cmr/m/n on input line 7.
LaTeX Font Info:    ... okay on input line 7.
LaTeX Font Info:    Checking defaults for T1/cmr/m/n on input line 7.
LaTeX Font Info:    ... okay on input line 7.
LaTeX Font Info:    Checking defaults for TS1/cmr/m/n on input line 7.
LaTeX Font Info:    ... okay on input line 7.
LaTeX Font Info:    Checking defaults for OMX/cmex/m/n on input line 7.
LaTeX Font Info:    ... okay on input line 7.
LaTeX Font Info:    Checking defaults for U/cmr/m/n on input line 7.
LaTeX Font Info:    ... okay on input line 7.
LaTeX Font Info:    Checking defaults for PD1/pdf/m/n on input line 7.
LaTeX Font Info:    ... okay on input line 7.
LaTeX Font Info:    Checking defaults for PU/pdf/m/n on input line 7.
LaTeX Font Info:    ... okay on input line 7.
 (/usr/share/texmf-dist/tex/context/base/mkii/supp-pdf.mkii
[Loading MPS to PDF converter (version 2006.09.02).]
\scratchcounter=\count319
\scratchdimen=\dimen182
\scratchbox=\box61
\nofMPsegments=\count320
\nofMParguments=\count321
\everyMPshowfont=\toks25
\MPscratchCnt=\count322
\MPscratchDim=\dimen183
\MPnumerator=\count323
\makeMPintoPDFobject=\count324
\everyMPtoPDFconversion=\toks26
) (/usr/share/texmf-dist/tex/latex/epstopdf-pkg/epstopdf-base.sty
Package: epstopdf-base 2020-01-24 v2.11 Base part for package epstopdf
Package epstopdf-base Info: Redefining graphics rule for `.eps' on input line 4
85.

(/usr/share/texmf-dist/tex/latex/latexconfig/epstopdf-sys.cfg
File: epstopdf-sys.cfg 2010/07/13 v1.3 Configuration of (r)epstopdf for TeX Liv
e
))
(/usr/share/texmf-dist/tex/latex/graphics/color.sty
Package: color 2025/01/14 v1.3e Standard LaTeX Color (DPC)

(/usr/share/texmf-dist/tex/latex/graphics-cfg/color.cfg
File: color.cfg 2016/01/02 v1.6 sample color configuration
)
Package color Info: Driver file: pdftex.def on input line 149.

(/usr/share/texmf-dist/tex/latex/graphics/mathcolor.ltx))
Package hyperref Info: Link coloring ON on input line 7.
 (./main_jest.out)
(./main_jest.out)
\@outlinefile=\write4
\openout4 = `main_jest.out'.

 [1


{/home/touhid/.texlive/texmf-var/fonts/map/pdftex/updmap/pdftex.map}] [2]
Underfull \hbox (badness 6412) in paragraph at lines 51--51
[]\T1/cmr/bx/n/12 Position rel-a-tive
 []


Underfull \hbox (badness 10000) in paragraph at lines 51--51
[]\T1/cmr/m/n/12 Groups meth-ods
 []


Underfull \hbox (badness 10000) in paragraph at lines 51--51
\T1/cmr/m/n/12 into physics-based,
 []


Underfull \hbox (badness 10000) in paragraph at lines 51--51
\T1/cmr/m/n/12 data-driven, and
 []


Underfull \hbox (badness 4660) in paragraph at lines 51--51
[]\T1/cmr/m/n/12 Established en-sem-
 []


Underfull \hbox (badness 10000) in paragraph at lines 51--51
[]\T1/cmr/m/n/12 Transferred SOH
 []


Underfull \hbox (badness 10000) in paragraph at lines 51--51
\T1/cmr/m/n/12 re-gres-sion across
 []


Underfull \hbox (badness 1688) in paragraph at lines 51--51
\T1/cmr/m/n/12 chemistries; re-gres-
 []


Underfull \hbox (badness 4621) in paragraph at lines 51--51
\T1/cmr/m/n/12 es-ti-ma-tion; re-gres-
 []


Underfull \hbox (badness 10000) in paragraph at lines 51--51
[]\T1/cmr/m/n/12 Calibrators com-
 []


Underfull \hbox (badness 4441) in paragraph at lines 51--51
[]\T1/cmr/m/n/12 TreeSHAP at-tri-bu-
 []


Underfull \hbox (badness 3482) in paragraph at lines 51--51
[]\T1/cmr/m/n/12 Edge in-fer-ence re-
 []


Underfull \hbox (badness 4193) in paragraph at lines 51--51
\T1/cmr/m/n/12 view with-out bat-
 []


Underfull \hbox (badness 4927) in paragraph at lines 51--51
[]\T1/cmr/m/n/12 Online Platt scal-
 []


Underfull \hbox (badness 1077) in paragraph at lines 51--51
\T1/cmr/m/n/12 ing un-der dis-tri-bu-
 []


Underfull \hbox (badness 10000) in paragraph at lines 51--51
\T1/cmr/m/n/12 di-ag-no-sis with
 []


Underfull \hbox (badness 10000) in paragraph at lines 51--51
\T1/cmr/m/n/12 label-, feature-,
 []


Underfull \hbox (badness 10000) in paragraph at lines 51--51
\T1/cmr/m/n/12 and dataset-level
 []


Underfull \hbox (badness 10000) in paragraph at lines 51--51
\T1/cmr/m/n/12 con-trols, discrete-
 []


Underfull \hbox (badness 10000) in paragraph at lines 51--51
\T1/cmr/m/n/12 cal-i-bra-tion un-der
 []


Underfull \hbox (badness 10000) in paragraph at lines 51--51
\T1/cmr/m/n/12 shift, em-bed-ded
 []

[3]
Overfull \hbox (12.42278pt too wide) in paragraph at lines 56--57
\T1/cmr/m/n/12 datasets (NASA 18650 and CALCE LCO/CX2) un-der cell-disjoint Gro
up-
 []


Overfull \hbox (2.96841pt too wide) in paragraph at lines 58--59
\T1/cmr/m/n/12 con-trols (NASA$\OMS/cmsy/m/n/12 $$\T1/cmr/m/n/12 CALCE and Seve
rson$\OMS/cmsy/m/n/12 !$\T1/cmr/m/n/12 Oxford) that sep-a-rate dataset
 []

[4] [5] [6] [7]
Overfull \hbox (7.33148pt too wide) in paragraph at lines 111--112
\T1/cmr/m/n/12 base-lines re-ceive per-feature stan-dard-iza-tion us-ing traini
ng-set statis-tics. Miss-
 []

[8] [9]
Overfull \hbox (77.3219pt too wide) in paragraph at lines 155--157
\T1/cmr/m/n/12 func-tion that min-i-mizes squared er-ror, im-ple-mented with sc
ikit-learn's \T1/cmtt/m/n/12 IsotonicRegression
 []

[10] [11]
Overfull \hbox (32.05339pt too wide) in paragraph at lines 167--168
\T1/cmr/m/n/12 CALCE$\OMS/cmsy/m/n/12 !$\T1/cmr/m/n/12 NASA (LCO$\OMS/cmsy/m/n/
12 !$\T1/cmr/m/n/12 LCO) and Severson$\OMS/cmsy/m/n/12 !$\T1/cmr/m/n/12 Oxford 
and Oxford$\OMS/cmsy/m/n/12 !$\T1/cmr/m/n/12 Severson
 []


Overfull \hbox (1.59178pt too wide) in paragraph at lines 168--169
[]\T1/cmr/bx/n/12 Feature-definition ab-la-tions\T1/cmr/m/n/12 : the fac-to-ria
l fea-ture grid of Sec-tion III-
 []

[12] [13]
<Fig01_Within_Dataset_AUC.png, id=311, 489.9906pt x 149.8398pt>
File: Fig01_Within_Dataset_AUC.png Graphic file (type png)
<use Fig01_Within_Dataset_AUC.png>
Package pdftex.def Info: Fig01_Within_Dataset_AUC.png  used on input line 227.
(pdftex.def)             Requested size: 241.7981pt x 73.94113pt.
 [14] [15 <./figs/Fig01_Within_Dataset_AUC.png>]
<fig_reliability_v2.png, id=333, 515.0442pt x 211.5102pt>
File: fig_reliability_v2.png Graphic file (type png)
<use fig_reliability_v2.png>
Package pdftex.def Info: fig_reliability_v2.png  used on input line 256.
(pdftex.def)             Requested size: 350.99762pt x 144.14453pt.
<fig_prauc_horizon.png, id=334, 254.8722pt x 189.8292pt>
File: fig_prauc_horizon.png Graphic file (type png)
<use fig_prauc_horizon.png>
Package pdftex.def Info: fig_prauc_horizon.png  used on input line 263.
(pdftex.def)             Requested size: 390.0pt x 290.50142pt.
 [16 <./figs/fig_reliability_v2.png>] [17 <./figs/fig_prauc_horizon.png>]
<fig_collapse_map.png, id=358, 714.5094pt x 153.6942pt>
File: fig_collapse_map.png Graphic file (type png)
<use fig_collapse_map.png>
Package pdftex.def Info: fig_collapse_map.png  used on input line 323.
(pdftex.def)             Requested size: 370.49881pt x 79.69629pt.
 [18] [19 <./figs/fig_collapse_map.png>] [20] [21]
Overfull \hbox (25.47133pt too wide) in paragraph at lines 472--473
\T1/cmr/m/n/12 vive when chem-istry is held con-stant. Ta-ble [][]11[][] shows 
it does not. NASA$\OMS/cmsy/m/n/12 !$\T1/cmr/m/n/12 CALCE
 []

[22] [23] [24] [25] [26]
<fig_netbenefit.png, id=434, 286.1892pt x 189.8292pt>
File: fig_netbenefit.png Graphic file (type png)
<use fig_netbenefit.png>
Package pdftex.def Info: fig_netbenefit.png  used on input line 646.
(pdftex.def)             Requested size: 195.0pt x 129.34282pt.
 [27]
<Fig06a_XGBoost_SHAP.png, id=445, 317.988pt x 267.399pt>
File: Fig06a_XGBoost_SHAP.png Graphic file (type png)
<use Fig06a_XGBoost_SHAP.png>
Package pdftex.def Info: Fig06a_XGBoost_SHAP.png  used on input line 656.
(pdftex.def)             Requested size: 331.50238pt x 278.77794pt.
<Fig06b_LightGBM_SHAP.png, id=446, 317.988pt x 267.399pt>
File: Fig06b_LightGBM_SHAP.png Graphic file (type png)
<use Fig06b_LightGBM_SHAP.png>
Package pdftex.def Info: Fig06b_LightGBM_SHAP.png  used on input line 663.
(pdftex.def)             Requested size: 331.50238pt x 278.77794pt.
<Fig06c_RandomForest_SHAP.png, id=447, 317.988pt x 267.399pt>
File: Fig06c_RandomForest_SHAP.png Graphic file (type png)
<use Fig06c_RandomForest_SHAP.png>
Package pdftex.def Info: Fig06c_RandomForest_SHAP.png  used on input line 670.
(pdftex.def)             Requested size: 331.50238pt x 278.77794pt.
<Fig06d_XGBoost_SHAP_noSOH.png, id=448, 317.988pt x 267.399pt>
File: Fig06d_XGBoost_SHAP_noSOH.png Graphic file (type png)
<use Fig06d_XGBoost_SHAP_noSOH.png>
Package pdftex.def Info: Fig06d_XGBoost_SHAP_noSOH.png  used on input line 677.

(pdftex.def)             Requested size: 331.50238pt x 278.77794pt.
<Fig06e_LightGBM_SHAP_noSOH.png, id=449, 317.988pt x 267.399pt>
File: Fig06e_LightGBM_SHAP_noSOH.png Graphic file (type png)
<use Fig06e_LightGBM_SHAP_noSOH.png>
Package pdftex.def Info: Fig06e_LightGBM_SHAP_noSOH.png  used on input line 684
.
(pdftex.def)             Requested size: 331.50238pt x 278.77794pt.
<Fig06f_RandomForest_SHAP_noSOH.png, id=450, 317.988pt x 267.399pt>
File: Fig06f_RandomForest_SHAP_noSOH.png Graphic file (type png)
<use Fig06f_RandomForest_SHAP_noSOH.png>
Package pdftex.def Info: Fig06f_RandomForest_SHAP_noSOH.png  used on input line
 691.
(pdftex.def)             Requested size: 331.50238pt x 278.77794pt.
 [28 <./figs/fig_netbenefit.png>] [29 <./figs/Fig06a_XGBoost_SHAP.png>] [30 <./
figs/Fig06b_LightGBM_SHAP.png>]
<fig_deploy.png, id=482, 565.1514pt x 225.4824pt>
File: fig_deploy.png Graphic file (type png)
<use fig_deploy.png>
Package pdftex.def Info: fig_deploy.png  used on input line 726.
(pdftex.def)             Requested size: 350.99762pt x 140.04535pt.
<fig_py_c_agreement.png, id=483, 310.761pt x 216.81pt>
File: fig_py_c_agreement.png Graphic file (type png)
<use fig_py_c_agreement.png>
Package pdftex.def Info: fig_py_c_agreement.png  used on input line 733.
(pdftex.def)             Requested size: 350.99762pt x 244.88988pt.
 [31 <./figs/Fig06c_RandomForest_SHAP.png>]
<fig_ba_quality.png, id=492, 762.4485pt x 263.7855pt>
File: fig_ba_quality.png Graphic file (type png)
<use fig_ba_quality.png>
Package pdftex.def Info: fig_ba_quality.png  used on input line 743.
(pdftex.def)             Requested size: 370.49881pt x 128.18134pt.
 [32 <./figs/Fig06d_XGBoost_SHAP_noSOH.png>] [33 <./figs/Fig06e_LightGBM_SHAP_n
oSOH.png>] [34 <./figs/Fig06f_RandomForest_SHAP_noSOH.png>] [35 <./figs/fig_dep
loy.png>]

LaTeX Warning: Text page 36 contains only floats.

[36 <./figs/fig_py_c_agreement.png> <./figs/fig_ba_quality.png>] [37]
Overfull \hbox (1.95753pt too wide) in paragraph at lines 807--808
\T1/cmr/m/n/12 chem-istry; the single-condition HNEI ex-cep-tion and the leave-
condition-
 []

[38] [39] [40] [41]
Overfull \hbox (2.77217pt too wide) in paragraph at lines 835--836
[]\T1/cmr/m/n/12 Future work, in or-der of di-rect-ness: an SOH-free fail-ure d
ef-i-ni-tion (voltage-
 []

[42]
Overfull \hbox (34.24644pt too wide) in paragraph at lines 839--840
\T1/cmr/m/n/12 pipeline are pub-licly avail-able at [][]$\T1/cmtt/m/n/12 https 
: / / github . com / touhidsiddiqueeraj-[]bit /
 []

[43

] [44] [45] (./main_jest.aux)
 ***********
LaTeX2e <2025-11-01>
L3 programming layer <2026-01-19>
 ***********
Package rerunfilecheck Info: File `main_jest.out' has not changed.
(rerunfilecheck)             Checksum: 424F282EAEFED67DDCAC0DD1185BEF98;7735.
 ) 
Here is how much of TeX's memory you used:
 10695 strings out of 469515
 162309 string characters out of 5470807
 598548 words of memory out of 5000000
 39069 multiletter control sequences out of 15000+600000
 644142 words of font info for 79 fonts, out of 8000000 for 9000
 14 hyphenation exceptions out of 8191
 75i,13n,79p,2767b,636s stack positions out of 10000i,1000n,20000p,200000b,200000s
 </home/touhid/.texlive/texmf-var/fonts/pk/ljfour/jknappen/ec/ectt1000.600pk>
 </home/touhid/.texlive/texmf-var/fonts/pk/ljfour/jknappen/ec/ecrm0800.600pk> <
/home/touhid/.texlive/texmf-var/fonts/pk/ljfour/jknappen/ec/ecrm0700.600pk> </h
ome/touhid/.texlive/texmf-var/fonts/pk/ljfour/jknappen/ec/ecrm1095.600pk> </hom
e/touhid/.texlive/texmf-var/fonts/pk/ljfour/jknappen/ec/ecbx1095.600pk> </home/
touhid/.texlive/texmf-var/fonts/pk/ljfour/jknappen/ec/ectt1200.600pk> </home/to
uhid/.texlive/texmf-var/fonts/pk/ljfour/jknappen/ec/tcrm1200.600pk> </home/touh
id/.texlive/texmf-var/fonts/pk/ljfour/jknappen/ec/ecrm1000.600pk> </home/touhid
/.texlive/texmf-var/fonts/pk/ljfour/jknappen/ec/ecti1200.600pk> </home/touhid/.
texlive/texmf-var/fonts/pk/ljfour/jknappen/ec/ecbx1200.600pk> </home/touhid/.te
xlive/texmf-var/fonts/pk/ljfour/jknappen/ec/ecti1000.600pk> </home/touhid/.texl
ive/texmf-var/fonts/pk/ljfour/jknappen/ec/ecrm1200.600pk> </home/touhid/.texliv
e/texmf-var/fonts/pk/ljfour/jknappen/ec/ecrm1728.600pk></usr/share/texmf-dist/f
onts/type1/public/amsfonts/cm/cmbx12.pfb></usr/share/texmf-dist/fonts/type1/pub
lic/amsfonts/cm/cmex10.pfb></usr/share/texmf-dist/fonts/type1/public/amsfonts/c
m/cmmi10.pfb></usr/share/texmf-dist/fonts/type1/public/amsfonts/cm/cmmi12.pfb><
/usr/share/texmf-dist/fonts/type1/public/amsfonts/cm/cmmi8.pfb></usr/share/texm
f-dist/fonts/type1/public/amsfonts/cm/cmr10.pfb></usr/share/texmf-dist/fonts/ty
pe1/public/amsfonts/cm/cmr12.pfb></usr/share/texmf-dist/fonts/type1/public/amsf
onts/cm/cmr7.pfb></usr/share/texmf-dist/fonts/type1/public/amsfonts/cm/cmr8.pfb
></usr/share/texmf-dist/fonts/type1/public/amsfonts/cm/cmsy10.pfb></usr/share/t
exmf-dist/fonts/type1/public/amsfonts/cm/cmsy7.pfb></usr/share/texmf-dist/fonts
/type1/public/amsfonts/cm/cmsy8.pfb>
Output written on main_jest.pdf (45 pages, 1481430 bytes).
PDF statistics:
 1150 PDF objects out of 1200 (max. 8388607)
 590 compressed objects within 6 object streams
 152 named destinations out of 1000 (max. 500000)
 351 words of extra memory for PDF output out of 10000 (max. 10000000)

