This is pdfTeX, Version 3.141592653-2.6-1.40.29 (TeX Live 2026/Arch Linux) (preloaded format=pdflatex 2026.9.8)  9 SEP 2026 23:13
entering extended mode
 restricted \write18 enabled.
 %&-line parsing enabled.
**main.tex

(/home/touhid/Documents/Multi-Horizon-Hazard-Models-for-Battery-Failure-Predict
ion-main/paper_ieee_access/main.tex
LaTeX2e <2025-11-01>
L3 programming layer <2026-01-19>

(/home/touhid/Documents/Multi-Horizon-Hazard-Models-for-Battery-Failure-Predict
ion-main/paper_wiecon/IEEEtran.cls
Document Class: IEEEtran 2015/08/26 V1.8b by Michael Shell
-- See the "IEEEtran_HOWTO" manual for usage information.
-- http://www.michaelshell.org/tex/ieeetran/
\@IEEEtrantmpdimenA=\dimen148
\@IEEEtrantmpdimenB=\dimen149
\@IEEEtrantmpdimenC=\dimen150
\@IEEEtrantmpcountA=\count275
\@IEEEtrantmpcountB=\count276
\@IEEEtrantmpcountC=\count277
\@IEEEtrantmptoksA=\toks17
LaTeX Font Info:    Trying to load font information for OT1+ptm on input line 5
03.
(/usr/share/texmf-dist/tex/latex/psnfss/ot1ptm.fd
File: ot1ptm.fd 2001/06/04 font definitions for OT1/ptm.
)
-- Using 8.5in x 11in (letter) paper.
-- Using PDF output.
\@IEEEnormalsizeunitybaselineskip=\dimen151
-- This is a 10 point document.
LaTeX Encoding Info:    Redeclaring text command \textunderscore (encoding ?) o
n input line 937.
\CLASSINFOnormalsizebaselineskip=\dimen152
\CLASSINFOnormalsizeunitybaselineskip=\dimen153
\IEEEnormaljot=\dimen154
LaTeX Font Info:    Font shape `OT1/ptm/bx/n' in size <5> not available
(Font)              Font shape `OT1/ptm/b/n' tried instead on input line 1090.
LaTeX Font Info:    Font shape `OT1/ptm/bx/it' in size <5> not available
(Font)              Font shape `OT1/ptm/b/it' tried instead on input line 1090.

LaTeX Font Info:    Font shape `OT1/ptm/bx/n' in size <7> not available
(Font)              Font shape `OT1/ptm/b/n' tried instead on input line 1090.
LaTeX Font Info:    Font shape `OT1/ptm/bx/it' in size <7> not available
(Font)              Font shape `OT1/ptm/b/it' tried instead on input line 1090.

LaTeX Font Info:    Font shape `OT1/ptm/bx/n' in size <8> not available
(Font)              Font shape `OT1/ptm/b/n' tried instead on input line 1090.
LaTeX Font Info:    Font shape `OT1/ptm/bx/it' in size <8> not available
(Font)              Font shape `OT1/ptm/b/it' tried instead on input line 1090.

LaTeX Font Info:    Font shape `OT1/ptm/bx/n' in size <9> not available
(Font)              Font shape `OT1/ptm/b/n' tried instead on input line 1090.
LaTeX Font Info:    Font shape `OT1/ptm/bx/it' in size <9> not available
(Font)              Font shape `OT1/ptm/b/it' tried instead on input line 1090.

LaTeX Font Info:    Font shape `OT1/ptm/bx/n' in size <10> not available
(Font)              Font shape `OT1/ptm/b/n' tried instead on input line 1090.
LaTeX Font Info:    Font shape `OT1/ptm/bx/it' in size <10> not available
(Font)              Font shape `OT1/ptm/b/it' tried instead on input line 1090.

LaTeX Font Info:    Font shape `OT1/ptm/bx/n' in size <11> not available
(Font)              Font shape `OT1/ptm/b/n' tried instead on input line 1090.
LaTeX Font Info:    Font shape `OT1/ptm/bx/it' in size <11> not available
(Font)              Font shape `OT1/ptm/b/it' tried instead on input line 1090.

LaTeX Font Info:    Font shape `OT1/ptm/bx/n' in size <12> not available
(Font)              Font shape `OT1/ptm/b/n' tried instead on input line 1090.
LaTeX Font Info:    Font shape `OT1/ptm/bx/it' in size <12> not available
(Font)              Font shape `OT1/ptm/b/it' tried instead on input line 1090.

LaTeX Font Info:    Font shape `OT1/ptm/bx/n' in size <17> not available
(Font)              Font shape `OT1/ptm/b/n' tried instead on input line 1090.
LaTeX Font Info:    Font shape `OT1/ptm/bx/it' in size <17> not available
(Font)              Font shape `OT1/ptm/b/it' tried instead on input line 1090.

LaTeX Font Info:    Font shape `OT1/ptm/bx/n' in size <20> not available
(Font)              Font shape `OT1/ptm/b/n' tried instead on input line 1090.
LaTeX Font Info:    Font shape `OT1/ptm/bx/it' in size <20> not available
(Font)              Font shape `OT1/ptm/b/it' tried instead on input line 1090.

LaTeX Font Info:    Font shape `OT1/ptm/bx/n' in size <24> not available
(Font)              Font shape `OT1/ptm/b/n' tried instead on input line 1090.
LaTeX Font Info:    Font shape `OT1/ptm/bx/it' in size <24> not available
(Font)              Font shape `OT1/ptm/b/it' tried instead on input line 1090.

\IEEEquantizedlength=\dimen155
\IEEEquantizedlengthdiff=\dimen156
\IEEEquantizedtextheightdiff=\dimen157
\IEEEilabelindentA=\dimen158
\IEEEilabelindentB=\dimen159
\IEEEilabelindent=\dimen160
\IEEEelabelindent=\dimen161
\IEEEdlabelindent=\dimen162
\IEEElabelindent=\dimen163
\IEEEiednormlabelsep=\dimen164
\IEEEiedmathlabelsep=\dimen165
\IEEEiedtopsep=\skip49
\c@section=\count278
\c@subsection=\count279
\c@subsubsection=\count280
\c@paragraph=\count281
\c@IEEEsubequation=\count282
\abovecaptionskip=\skip50
\belowcaptionskip=\skip51
\c@figure=\count283
\c@table=\count284
\@IEEEeqnnumcols=\count285
\@IEEEeqncolcnt=\count286
\@IEEEsubeqnnumrollback=\count287
\@IEEEquantizeheightA=\dimen166
\@IEEEquantizeheightB=\dimen167
\@IEEEquantizeheightC=\dimen168
\@IEEEquantizeprevdepth=\dimen169
\@IEEEquantizemultiple=\count288
\@IEEEquantizeboxA=\box53
\@IEEEtmpitemindent=\dimen170
\IEEEPARstartletwidth=\dimen171
\c@IEEEbiography=\count289
\@IEEEtranrubishbin=\box54
) (/usr/share/texmf-dist/tex/latex/graphics/graphicx.sty
Package: graphicx 2024/12/31 v1.2e Enhanced LaTeX Graphics (DPC,SPQR)

(/usr/share/texmf-dist/tex/latex/graphics/keyval.sty
Package: keyval 2022/05/29 v1.15 key=value parser (DPC)
\KV@toks@=\toks18
)
(/usr/share/texmf-dist/tex/latex/graphics/graphics.sty
Package: graphics 2024/08/06 v1.4g Standard LaTeX Graphics (DPC,SPQR)

(/usr/share/texmf-dist/tex/latex/graphics/trig.sty
Package: trig 2023/12/02 v1.11 sin cos tan (DPC)
)
(/usr/share/texmf-dist/tex/latex/graphics-cfg/graphics.cfg
File: graphics.cfg 2016/06/04 v1.11 sample graphics configuration
)
Package graphics Info: Driver file: pdftex.def on input line 106.

(/usr/share/texmf-dist/tex/latex/graphics-def/pdftex.def
File: pdftex.def 2025/09/29 v1.2d Graphics/color driver for pdftex
))
\Gin@req@height=\dimen172
\Gin@req@width=\dimen173
)
(/usr/share/texmf-dist/tex/latex/amsmath/amsmath.sty
Package: amsmath 2025/07/09 v2.17z AMS math features
\@mathmargin=\skip52

For additional information on amsmath, use the `?' option.
(/usr/share/texmf-dist/tex/latex/amsmath/amstext.sty
Package: amstext 2024/11/17 v2.01 AMS text

(/usr/share/texmf-dist/tex/latex/amsmath/amsgen.sty
File: amsgen.sty 1999/11/30 v2.0 generic functions
\@emptytoks=\toks19
\ex@=\dimen174
))
(/usr/share/texmf-dist/tex/latex/amsmath/amsbsy.sty
Package: amsbsy 1999/11/29 v1.2d Bold Symbols
\pmbraise@=\dimen175
)
(/usr/share/texmf-dist/tex/latex/amsmath/amsopn.sty
Package: amsopn 2022/04/08 v2.04 operator names
)
\inf@bad=\count290
LaTeX Info: Redefining \frac on input line 233.
\uproot@=\count291
\leftroot@=\count292
LaTeX Info: Redefining \overline on input line 398.
LaTeX Info: Redefining \colon on input line 409.
\classnum@=\count293
\DOTSCASE@=\count294
LaTeX Info: Redefining \ldots on input line 495.
LaTeX Info: Redefining \dots on input line 498.
LaTeX Info: Redefining \cdots on input line 619.
\Mathstrutbox@=\box55
\strutbox@=\box56
LaTeX Info: Redefining \big on input line 721.
LaTeX Info: Redefining \Big on input line 722.
LaTeX Info: Redefining \bigg on input line 723.
LaTeX Info: Redefining \Bigg on input line 724.
\big@size=\dimen176
LaTeX Font Info:    Redeclaring font encoding OML on input line 742.
LaTeX Font Info:    Redeclaring font encoding OMS on input line 743.
\macc@depth=\count295
LaTeX Info: Redefining \bmod on input line 904.
LaTeX Info: Redefining \pmod on input line 909.
LaTeX Info: Redefining \smash on input line 939.
LaTeX Info: Redefining \relbar on input line 969.
LaTeX Info: Redefining \Relbar on input line 970.
\c@MaxMatrixCols=\count296
\dotsspace@=\muskip17
\c@parentequation=\count297
\dspbrk@lvl=\count298
\tag@help=\toks20
\row@=\count299
\column@=\count300
\maxfields@=\count301
\andhelp@=\toks21
\eqnshift@=\dimen177
\alignsep@=\dimen178
\tagshift@=\dimen179
\tagwidth@=\dimen180
\totwidth@=\dimen181
\lineht@=\dimen182
\@envbody=\toks22
\multlinegap=\skip53
\multlinetaggap=\skip54
\mathdisplay@stack=\toks23
LaTeX Info: Redefining \[ on input line 2950.
LaTeX Info: Redefining \] on input line 2951.
)
(/usr/share/texmf-dist/tex/latex/booktabs/booktabs.sty
Package: booktabs 2020/01/12 v1.61803398 Publication quality tables
\heavyrulewidth=\dimen183
\lightrulewidth=\dimen184
\cmidrulewidth=\dimen185
\belowrulesep=\dimen186
\belowbottomsep=\dimen187
\aboverulesep=\dimen188
\abovetopsep=\dimen189
\cmidrulesep=\dimen190
\cmidrulekern=\dimen191
\defaultaddspace=\dimen192
\@cmidla=\count302
\@cmidlb=\count303
\@aboverulesep=\dimen193
\@belowrulesep=\dimen194
\@thisruleclass=\count304
\@lastruleclass=\count305
\@thisrulewidth=\dimen195
)
(/usr/share/texmf-dist/tex/latex/tools/array.sty
Package: array 2025/09/25 v2.6n Tabular extension package (FMi)
\col@sep=\dimen196
\ar@mcellbox=\box57
\extrarowheight=\dimen197
\NC@list=\toks24
\extratabsurround=\skip55
\backup@length=\skip56
\ar@cellbox=\box58
)
(/usr/share/texmf-dist/tex/latex/cite/cite.sty
LaTeX Info: Redefining \cite on input line 302.
LaTeX Info: Redefining \nocite on input line 332.
Package: cite 2015/02/27  v 5.5
)
(/usr/share/texmf-dist/tex/latex/url/url.sty
\Urlmuskip=\muskip18
Package: url 2013/09/16  ver 3.4  Verb mode for urls, etc.
)
(/usr/share/texmf-dist/tex/latex/l3backend/l3backend-pdftex.def
File: l3backend-pdftex.def 2025-10-09 L3 backend support: PDF output (pdfTeX)
\l__color_backend_stack_int=\count306
)
(/home/touhid/Documents/Multi-Horizon-Hazard-Models-for-Battery-Failure-Predict
ion-main/paper_wiecon/main.aux)
\openout1 = `main.aux'.

LaTeX Font Info:    Checking defaults for OML/cmm/m/it on input line 12.
LaTeX Font Info:    ... okay on input line 12.
LaTeX Font Info:    Checking defaults for OMS/cmsy/m/n on input line 12.
LaTeX Font Info:    ... okay on input line 12.
LaTeX Font Info:    Checking defaults for OT1/cmr/m/n on input line 12.
LaTeX Font Info:    ... okay on input line 12.
LaTeX Font Info:    Checking defaults for T1/cmr/m/n on input line 12.
LaTeX Font Info:    ... okay on input line 12.
LaTeX Font Info:    Checking defaults for TS1/cmr/m/n on input line 12.
LaTeX Font Info:    ... okay on input line 12.
LaTeX Font Info:    Checking defaults for OMX/cmex/m/n on input line 12.
LaTeX Font Info:    ... okay on input line 12.
LaTeX Font Info:    Checking defaults for U/cmr/m/n on input line 12.
LaTeX Font Info:    ... okay on input line 12.

-- Lines per column: 58 (exact).
(/usr/share/texmf-dist/tex/context/base/mkii/supp-pdf.mkii
[Loading MPS to PDF converter (version 2006.09.02).]
\scratchcounter=\count307
\scratchdimen=\dimen198
\scratchbox=\box59
\nofMPsegments=\count308
\nofMParguments=\count309
\everyMPshowfont=\toks25
\MPscratchCnt=\count310
\MPscratchDim=\dimen199
\MPnumerator=\count311
\makeMPintoPDFobject=\count312
\everyMPtoPDFconversion=\toks26
) (/usr/share/texmf-dist/tex/latex/epstopdf-pkg/epstopdf-base.sty
Package: epstopdf-base 2020-01-24 v2.11 Base part for package epstopdf
Package epstopdf-base Info: Redefining graphics rule for `.eps' on input line 4
85.

(/usr/share/texmf-dist/tex/latex/latexconfig/epstopdf-sys.cfg
File: epstopdf-sys.cfg 2010/07/13 v1.3 Configuration of (r)epstopdf for TeX Liv
e
))
LaTeX Font Info:    Trying to load font information for TS1+ptm on input line 2
5.

(/usr/share/texmf-dist/tex/latex/psnfss/ts1ptm.fd
File: ts1ptm.fd 2001/06/04 font definitions for TS1/ptm.
)

LaTeX Warning: Citation `meng2019review' on page 1 undefined on input line 33.


LaTeX Warning: Citation `breiman2001random' on page 1 undefined on input line 3
3.


LaTeX Warning: Citation `chen2016xgboost' on page 1 undefined on input line 33.



LaTeX Warning: Citation `shikdar2026learning' on page 1 undefined on input line
 35.


LaTeX Warning: Citation `meng2019review' on page 1 undefined on input line 46.


LaTeX Warning: Citation `breiman2001random' on page 1 undefined on input line 4
6.


LaTeX Warning: Citation `chen2016xgboost' on page 1 undefined on input line 46.



LaTeX Warning: Citation `ke2017lightgbm' on page 1 undefined on input line 46.


LaTeX Warning: Citation `shikdar2026learning' on page 1 undefined on input line
 46.


LaTeX Warning: Citation `sahoo2022transfer' on page 1 undefined on input line 4
9.


LaTeX Warning: Citation `lu2023deep' on page 1 undefined on input line 49.

[1{/home/touhid/.texlive/texmf-var/fonts/map/pdftex/updmap/pdftex.map}{/usr/sha
re/texmf-dist/fonts/enc/dvips/base/8r.enc}


]

LaTeX Warning: Citation `platt1999probabilistic' on page 2 undefined on input l
ine 52.


LaTeX Warning: Citation `zadrozny2002transforming' on page 2 undefined on input
 line 52.


LaTeX Warning: Citation `niculescu2005predicting' on page 2 undefined on input 
line 52.


LaTeX Warning: Citation `huang2020experimental' on page 2 undefined on input li
ne 52.


LaTeX Warning: Citation `lundberg2020from' on page 2 undefined on input line 55
.


LaTeX Warning: Citation `grzesik2024combining' on page 2 undefined on input lin
e 55.


LaTeX Warning: Citation `gupta2023online' on page 2 undefined on input line 55.



LaTeX Warning: Citation `shikdar2026learning' on page 2 undefined on input line
 60.


LaTeX Warning: Citation `saha2007battery' on page 2 undefined on input line 82.



LaTeX Warning: Citation `calce2023battery' on page 2 undefined on input line 82
.


LaTeX Warning: Citation `birkl2017oxford' on page 2 undefined on input line 82.



LaTeX Warning: Citation `severson2019data' on page 2 undefined on input line 82
.


LaTeX Warning: Citation `shikdar2026learning' on page 2 undefined on input line
 88.


LaTeX Warning: Citation `chen2016xgboost' on page 2 undefined on input line 88.



LaTeX Warning: Citation `ke2017lightgbm' on page 2 undefined on input line 88.


LaTeX Warning: Citation `breiman2001random' on page 2 undefined on input line 8
8.

[2]
LaTeX Font Info:    Trying to load font information for OT1+pcr on input line 1
07.
 (/usr/share/texmf-dist/tex/latex/psnfss/ot1pcr.fd
File: ot1pcr.fd 2001/06/04 font definitions for OT1/pcr.
)
Underfull \hbox (badness 10000) in paragraph at lines 106--108
\OT1/ptm/m/n/10 by high-regularization lo-gis-tic re-gres-sion
 []


Underfull \hbox (badness 3375) in paragraph at lines 106--108
\OT1/ptm/m/n/10 (\OT1/pcr/m/n/10 LogisticRegression\OT1/ptm/m/n/10 , $\OML/cmm/
m/it/10 C[]\OT1/cmr/m/n/10 10[]$\OT1/ptm/m/n/10 ). Iso-tonic re-gres-sion
 []


Underfull \hbox (badness 1817) in paragraph at lines 110--112
\OT1/ptm/m/n/10 implemented with scikit-learn's \OT1/pcr/m/n/10 IsotonicRegress
ion
 []


LaTeX Warning: Citation `shikdar2026learning' on page 3 undefined on input line
 113.


LaTeX Warning: Citation `delong1988comparing' on page 3 undefined on input line
 119.


LaTeX Warning: Reference `fig:circuit' on page 3 undefined on input line 134.

<circuit.png, id=26, 1907.125pt x 1239.63126pt>
File: circuit.png Graphic file (type png)
<use circuit.png>
Package pdftex.def Info: circuit.png  used on input line 138.
(pdftex.def)             Requested size: 438.60315pt x 285.09027pt.
[3] [4 </home/touhid/Documents/Multi-Horizon-Hazard-Models-for-Battery-Failure-
Prediction-main/paper_ieee_access/figs/circuit.png>]
<Fig01_Within_Dataset_AUC.png, id=34, 246.1998pt x 207.174pt>
File: Fig01_Within_Dataset_AUC.png Graphic file (type png)
<use Fig01_Within_Dataset_AUC.png>
Package pdftex.def Info: Fig01_Within_Dataset_AUC.png  used on input line 172.
(pdftex.def)             Requested size: 252.0pt x 212.06387pt.


LaTeX Warning: Reference `tab:cal' on page 5 undefined on input line 178.

<Fig02a_Calibration_NASA.png, id=36, 352.79805pt x 223.67564pt>
File: Fig02a_Calibration_NASA.png Graphic file (type png)
<use Fig02a_Calibration_NASA.png>
Package pdftex.def Info: Fig02a_Calibration_NASA.png  used on input line 196.
(pdftex.def)             Requested size: 252.0pt x 159.76645pt.
<Fig02b_Calibration_CALCE.png, id=37, 352.79805pt x 223.67564pt>
File: Fig02b_Calibration_CALCE.png Graphic file (type png)
<use Fig02b_Calibration_CALCE.png>
Package pdftex.def Info: Fig02b_Calibration_CALCE.png  used on input line 197.
(pdftex.def)             Requested size: 252.0pt x 159.76645pt.

LaTeX Warning: Reference `tab:crosswith' on page 5 undefined on input line 203.



LaTeX Warning: Reference `tab:crossno' on page 5 undefined on input line 203.


Underfull \vbox (badness 10000) has occurred while \output is active []

 [5

 </home/touhid/Documents/Multi-Horizon-Hazard-Models-for-Battery-Failure-Predic
tion-main/paper_ieee_access/figs/Fig01_Within_Dataset_AUC.png> </home/touhid/Do
cuments/Multi-Horizon-Hazard-Models-for-Battery-Failure-Prediction-main/paper_i
eee_access/figs/Fig02a_Calibration_NASA.png> </home/touhid/Documents/Multi-Hori
zon-Hazard-Models-for-Battery-Failure-Prediction-main/paper_ieee_access/figs/Fi
g02b_Calibration_CALCE.png>]
<Fig03a_CrossChem_With_SOH_Oxford.png, id=44, 353.1594pt x 172.9662pt>
File: Fig03a_CrossChem_With_SOH_Oxford.png Graphic file (type png)
<use Fig03a_CrossChem_With_SOH_Oxford.png>
Package pdftex.def Info: Fig03a_CrossChem_With_SOH_Oxford.png  used on input li
ne 269.
(pdftex.def)             Requested size: 252.0pt x 123.4218pt.
<Fig03b_CrossChem_With_SOH_Severson.png, id=45, 353.1594pt x 173.32755pt>
File: Fig03b_CrossChem_With_SOH_Severson.png Graphic file (type png)
<use Fig03b_CrossChem_With_SOH_Severson.png>
Package pdftex.def Info: Fig03b_CrossChem_With_SOH_Severson.png  used on input 
line 270.
(pdftex.def)             Requested size: 252.0pt x 123.67963pt.
<Fig04a_CrossChem_No_SOH_Oxford.png, id=46, 353.1594pt x 172.9662pt>
File: Fig04a_CrossChem_No_SOH_Oxford.png Graphic file (type png)
<use Fig04a_CrossChem_No_SOH_Oxford.png>
Package pdftex.def Info: Fig04a_CrossChem_No_SOH_Oxford.png  used on input line
 277.
(pdftex.def)             Requested size: 252.0pt x 123.4218pt.
<Fig04b_CrossChem_No_SOH_Severson.png, id=47, 353.1594pt x 173.32755pt>
File: Fig04b_CrossChem_No_SOH_Severson.png Graphic file (type png)
<use Fig04b_CrossChem_No_SOH_Severson.png>
Package pdftex.def Info: Fig04b_CrossChem_No_SOH_Severson.png  used on input li
ne 278.
(pdftex.def)             Requested size: 252.0pt x 123.67963pt.

Underfull \hbox (badness 2495) in paragraph at lines 287--288
[]\OT1/ptm/m/n/10 A sec-ond, in-de-pen-dent fail-ure ap-pears in the cross-
 []


LaTeX Warning: Reference `tab:delong' on page 6 undefined on input line 290.


LaTeX Warning: Reference `eq:delong' on page 6 undefined on input line 290.


Underfull \vbox (badness 1546) has occurred while \output is active []

 [6 </home/touhid/Documents/Multi-Horizon-Hazard-Models-for-Battery-Failure-Pre
diction-main/paper_ieee_access/figs/Fig03a_CrossChem_With_SOH_Oxford.png> </hom
e/touhid/Documents/Multi-Horizon-Hazard-Models-for-Battery-Failure-Prediction-m
ain/paper_ieee_access/figs/Fig03b_CrossChem_With_SOH_Severson.png> </home/touhi
d/Documents/Multi-Horizon-Hazard-Models-for-Battery-Failure-Prediction-main/pap
er_ieee_access/figs/Fig04a_CrossChem_No_SOH_Oxford.png> </home/touhid/Documents
/Multi-Horizon-Hazard-Models-for-Battery-Failure-Prediction-main/paper_ieee_acc
ess/figs/Fig04b_CrossChem_No_SOH_Severson.png>]

LaTeX Warning: Citation `lundberg2020from' on page 7 undefined on input line 31
2.


LaTeX Warning: Reference `fig:shap_xgb' on page 7 undefined on input line 312.


LaTeX Warning: Reference `fig:shap_rf' on page 7 undefined on input line 312.


LaTeX Warning: Reference `fig:shap_noxgb' on page 7 undefined on input line 312
.


LaTeX Warning: Reference `fig:shap_norf' on page 7 undefined on input line 312.


<Fig06a_XGBoost_SHAP.png, id=55, 317.988pt x 267.399pt>
File: Fig06a_XGBoost_SHAP.png Graphic file (type png)
<use Fig06a_XGBoost_SHAP.png>
Package pdftex.def Info: Fig06a_XGBoost_SHAP.png  used on input line 316.
(pdftex.def)             Requested size: 252.0pt x 211.90796pt.
<Fig06b_LightGBM_SHAP.png, id=56, 317.988pt x 267.399pt>
File: Fig06b_LightGBM_SHAP.png Graphic file (type png)
<use Fig06b_LightGBM_SHAP.png>
Package pdftex.def Info: Fig06b_LightGBM_SHAP.png  used on input line 323.
(pdftex.def)             Requested size: 252.0pt x 211.90796pt.
<Fig06c_RandomForest_SHAP.png, id=57, 317.988pt x 267.399pt>
File: Fig06c_RandomForest_SHAP.png Graphic file (type png)
<use Fig06c_RandomForest_SHAP.png>
Package pdftex.def Info: Fig06c_RandomForest_SHAP.png  used on input line 330.
(pdftex.def)             Requested size: 252.0pt x 211.90796pt.
<Fig06d_XGBoost_SHAP_noSOH.png, id=58, 317.988pt x 267.399pt>
File: Fig06d_XGBoost_SHAP_noSOH.png Graphic file (type png)
<use Fig06d_XGBoost_SHAP_noSOH.png>
Package pdftex.def Info: Fig06d_XGBoost_SHAP_noSOH.png  used on input line 337.

(pdftex.def)             Requested size: 252.0pt x 211.90796pt.
<Fig06e_LightGBM_SHAP_noSOH.png, id=59, 317.988pt x 267.399pt>
File: Fig06e_LightGBM_SHAP_noSOH.png Graphic file (type png)
<use Fig06e_LightGBM_SHAP_noSOH.png>
Package pdftex.def Info: Fig06e_LightGBM_SHAP_noSOH.png  used on input line 344
.
(pdftex.def)             Requested size: 252.0pt x 211.90796pt.
<Fig06f_RandomForest_SHAP_noSOH.png, id=60, 317.988pt x 267.399pt>
File: Fig06f_RandomForest_SHAP_noSOH.png Graphic file (type png)
<use Fig06f_RandomForest_SHAP_noSOH.png>
Package pdftex.def Info: Fig06f_RandomForest_SHAP_noSOH.png  used on input line
 351.
(pdftex.def)             Requested size: 252.0pt x 211.90796pt.

LaTeX Warning: Reference `eq:rf' on page 7 undefined on input line 373.


LaTeX Warning: Reference `eq:sigmoid' on page 7 undefined on input line 373.


LaTeX Warning: Reference `fig:pyc' on page 7 undefined on input line 373.

[7]

LaTeX Warning: Reference `tab:deploy' on page 8 undefined on input line 375.


LaTeX Warning: Reference `fig:deploy' on page 8 undefined on input line 375.


Underfull \vbox (badness 1968) has occurred while \output is active []

<fig_deploy.png, id=68, 565.1514pt x 225.4824pt>
File: fig_deploy.png Graphic file (type png)
<use fig_deploy.png>
Package pdftex.def Info: fig_deploy.png  used on input line 381.
(pdftex.def)             Requested size: 252.0pt x 100.54062pt.
<fig_py_c_agreement.png, id=69, 310.761pt x 216.81pt>
File: fig_py_c_agreement.png Graphic file (type png)
<use fig_py_c_agreement.png>
Package pdftex.def Info: fig_py_c_agreement.png  used on input line 388.
(pdftex.def)             Requested size: 252.0pt x 175.81693pt.
 [8 </home/touhid/Documents/Multi-Horizon-Hazard-Models-for-Battery-Failure-Pre
diction-main/paper_ieee_access/figs/Fig06a_XGBoost_SHAP.png> </home/touhid/Docu
ments/Multi-Horizon-Hazard-Models-for-Battery-Failure-Prediction-main/paper_iee
e_access/figs/Fig06b_LightGBM_SHAP.png>]

LaTeX Warning: Text page 9 contains only floats.

[9 </home/touhid/Documents/Multi-Horizon-Hazard-Models-for-Battery-Failure-Pred
iction-main/paper_ieee_access/figs/Fig06c_RandomForest_SHAP.png> </home/touhid/
Documents/Multi-Horizon-Hazard-Models-for-Battery-Failure-Prediction-main/paper
_ieee_access/figs/Fig06d_XGBoost_SHAP_noSOH.png> </home/touhid/Documents/Multi-
Horizon-Hazard-Models-for-Battery-Failure-Prediction-main/paper_ieee_access/fig
s/Fig06e_LightGBM_SHAP_noSOH.png> </home/touhid/Documents/Multi-Horizon-Hazard-
Models-for-Battery-Failure-Prediction-main/paper_ieee_access/figs/Fig06f_Random
Forest_SHAP_noSOH.png> </home/touhid/Documents/Multi-Horizon-Hazard-Models-for-
Battery-Failure-Prediction-main/paper_ieee_access/figs/fig_deploy.png>]
Underfull \hbox (badness 1371) in paragraph at lines 411--412
[]\OT1/ptm/m/n/10 This work re-ceived no ex-ter-nal fund-ing. The au-thors
 []


Underfull \hbox (badness 1377) in paragraph at lines 411--412
\OT1/ptm/m/n/10 de-clare no con-flicts of in-ter-est. The source code, data,
 []


Underfull \hbox (badness 5726) in paragraph at lines 411--412
\OT1/ptm/m/n/10 trained mod-els, firmware, and val-i-da-tion pipeline are
 []


Overfull \hbox (1.367pt too wide) in paragraph at lines 411--412
\OT1/ptm/m/n/10 Multi-[]Horizon-[]Hazard-[]Models-[]for-[]Battery-[]Failure-[]P
rediction$. 
 []

[10 </home/touhid/Documents/Multi-Horizon-Hazard-Models-for-Battery-Failure-Pre
diction-main/paper_ieee_access/figs/fig_py_c_agreement.png>]
(/home/touhid/Documents/Multi-Horizon-Hazard-Models-for-Battery-Failure-Predict
ion-main/paper_wiecon/main.aux)
 ***********
LaTeX2e <2025-11-01>
L3 programming layer <2026-01-19>
 ***********


LaTeX Warning: There were undefined references.

 ) 
Here is how much of TeX's memory you used:
 3465 strings out of 469515
 58790 string characters out of 5470808
 487494 words of memory out of 5000000
 32085 multiletter control sequences out of 15000+600000
 673282 words of font info for 125 fonts, out of 8000000 for 9000
 14 hyphenation exceptions out of 8191
 57i,11n,65p,1800b,285s stack positions out of 10000i,1000n,20000p,200000b,200000s
</usr/share/texmf-dist/fonts/type1/public/amsfonts/cm/cmbx10.pfb></usr/share/
texmf-dist/fonts/type1/public/amsfonts/cm/cmex10.pfb></usr/share/texmf-dist/fon
ts/type1/public/amsfonts/cm/cmmi10.pfb></usr/share/texmf-dist/fonts/type1/publi
c/amsfonts/cm/cmmi7.pfb></usr/share/texmf-dist/fonts/type1/public/amsfonts/cm/c
mmi8.pfb></usr/share/texmf-dist/fonts/type1/public/amsfonts/cm/cmmi9.pfb></usr/
share/texmf-dist/fonts/type1/public/amsfonts/cm/cmr10.pfb></usr/share/texmf-dis
t/fonts/type1/public/amsfonts/cm/cmr6.pfb></usr/share/texmf-dist/fonts/type1/pu
blic/amsfonts/cm/cmr7.pfb></usr/share/texmf-dist/fonts/type1/public/amsfonts/cm
/cmr8.pfb></usr/share/texmf-dist/fonts/type1/public/amsfonts/cm/cmr9.pfb></usr/
share/texmf-dist/fonts/type1/public/amsfonts/cm/cmsy10.pfb></usr/share/texmf-di
st/fonts/type1/public/amsfonts/cm/cmsy6.pfb></usr/share/texmf-dist/fonts/type1/
public/amsfonts/cm/cmsy7.pfb></usr/share/texmf-dist/fonts/type1/public/amsfonts
/cm/cmsy8.pfb></usr/share/texmf-dist/fonts/type1/public/amsfonts/cm/cmsy9.pfb><
/usr/share/texmf-dist/fonts/type1/urw/courier/ucrr8a.pfb></usr/share/texmf-dist
/fonts/type1/urw/times/utmb8a.pfb></usr/share/texmf-dist/fonts/type1/urw/times/
utmbi8a.pfb></usr/share/texmf-dist/fonts/type1/urw/times/utmr8a.pfb></usr/share
/texmf-dist/fonts/type1/urw/times/utmri8a.pfb>
Output written on main.pdf (10 pages, 2383344 bytes).
PDF statistics:
 175 PDF objects out of 1000 (max. 8388607)
 89 compressed objects within 1 object stream
 0 named destinations out of 1000 (max. 500000)
 81 words of extra memory for PDF output out of 10000 (max. 10000000)

