This is pdfTeX, Version 3.141592653-2.6-1.40.29 (TeX Live 2026/Arch Linux) (preloaded format=pdflatex 2026.9.10)  10 SEP 2026 00:41
entering extended mode
 restricted \write18 enabled.
 %&-line parsing enabled.
**main.tex

(/home/touhid/Documents/Multi-Horizon-Hazard-Models-for-Battery-Failure-Predict
ion-main/paper_ijphm/main.tex
LaTeX2e <2025-11-01>
L3 programming layer <2026-01-19>

(/home/touhid/Documents/Multi-Horizon-Hazard-Models-for-Battery-Failure-Predict
ion-main/paper_ijphm/PHMSociety.cls
Document Class: PHMSociety 2013/01/15 v0.01 PHMSociety LaTeX Class
(/usr/share/texmf-dist/tex/latex/base/article.cls
Document Class: article 2025/01/22 v1.4n Standard LaTeX document class
(/usr/share/texmf-dist/tex/latex/base/size10.clo
File: size10.clo 2025/01/22 v1.4n Standard LaTeX file (size option)
)
\c@part=\count275
\c@section=\count276
\c@subsection=\count277
\c@subsubsection=\count278
\c@paragraph=\count279
\c@subparagraph=\count280
\c@figure=\count281
\c@table=\count282
\abovecaptionskip=\skip49
\belowcaptionskip=\skip50
\bibindent=\dimen148
)
(/usr/share/texmf-dist/tex/latex/psnfss/times.sty
Package: times 2020/03/25 PSNFSS-v9.3 (SPQR) 
)
(/usr/share/texmf-dist/tex/latex/fancyhdr/fancyhdr.sty
Package: fancyhdr 2025/02/07 v5.2 Extensive control of page headers and footers

\f@nch@headwidth=\skip51
\f@nch@offset@elh=\skip52
\f@nch@offset@erh=\skip53
\f@nch@offset@olh=\skip54
\f@nch@offset@orh=\skip55
\f@nch@offset@elf=\skip56
\f@nch@offset@erf=\skip57
\f@nch@offset@olf=\skip58
\f@nch@offset@orf=\skip59
\f@nch@height=\skip60
\f@nch@footalignment=\skip61
\f@nch@widthL=\skip62
\f@nch@widthC=\skip63
\f@nch@widthR=\skip64
\@temptokenb=\toks17
)
(/usr/share/texmf-dist/tex/latex/sttools/flushend.sty
Package: flushend 2025/06/18 v4.3 Balancing columns in twocolumn mode (ST)
\flushend@@lastskip@a=\skip65
\flushend@@lastskip@b=\skip66
\flushend@@lastnode=\count283
\var@@loop@iter=\count284
\var@@temp@spread=\dimen149
\var@@temp@a=\dimen150
\var@@temp@loop=\dimen151
\flushend@@page@rule=\dimen152
\flushend@@varbox@lastpage=\box53
\flushend@@varbox@a=\box54
\flushend@@varbox@c=\box55
\flushend@@tempbox@a=\box56
\flushend@@tempbox@c=\box57
\flushend@@floatbox=\box58
\@viper=\box59
\hold@viper=\box60
\atColsBreak=\toks18
\atColsEnd=\toks19
\oldbreak@skip=\dimen153
)
(/usr/share/texmf-dist/tex/latex/caption/caption.sty
Package: caption 2023/08/05 v3.6o Customizing captions (AR)

(/usr/share/texmf-dist/tex/latex/caption/caption3.sty
Package: caption3 2023/07/31 v2.4d caption3 kernel (AR)

(/usr/share/texmf-dist/tex/latex/graphics/keyval.sty
Package: keyval 2022/05/29 v1.15 key=value parser (DPC)
\KV@toks@=\toks20
)
\caption@tempdima=\dimen154
\captionmargin=\dimen155
\caption@leftmargin=\dimen156
\caption@rightmargin=\dimen157
\caption@width=\dimen158
\caption@indent=\dimen159
\caption@parindent=\dimen160
\caption@hangindent=\dimen161
Package caption Info: Standard document class detected.
)
\c@caption@flags=\count285
\c@continuedfloat=\count286
)
(/usr/share/texmf-dist/tex/latex/wrapfig/wrapfig.sty
\wrapoverhang=\dimen162
\WF@size=\dimen163
\c@WF@wrappedlines=\count287
\WF@box=\box61
\WF@everypar=\toks21
Package: wrapfig 2003/01/31  v 3.6
)
(/usr/share/texmf-dist/tex/latex/footmisc/footmisc.sty
Package: footmisc 2025/05/09 v7.0b a miscellany of footnote facilities
\FN@temptoken=\toks22
\footnotemargin=\dimen164
Package footmisc Info: Declaring symbol style bringhurst on input line 549.
Package footmisc Info: Declaring symbol style chicago on input line 557.
Package footmisc Info: Declaring symbol style wiley on input line 566.
Package footmisc Info: Declaring symbol style lamport-robust on input line 577.

Package footmisc Info: Declaring symbol style lamport* on input line 597.
Package footmisc Info: Declaring symbol style lamport*-robust on input line 618
.
)
(/home/touhid/Documents/Multi-Horizon-Hazard-Models-for-Battery-Failure-Predict
ion-main/paper_ijphm/apacite.sty
Package: apacite 2013/07/21 v6.03 APA citation
\c@BibCnt=\count288
\bibleftmargin=\skip67
\bibindent=\skip68
\bibparsep=\skip69
\bibitemsep=\skip70
\biblabelsep=\skip71
)
(/usr/share/texmf-dist/tex/generic/babel/babel.sty
Package: babel 2026/02/14 v26.3 The multilingual framework for LuaLaTeX, pdfLaT
eX and XeLaTeX
\babel@savecnt=\count289
LaTeX Encoding Info:    Redeclaring text command \ij (encoding OT1) on input li
ne 2078.
LaTeX Encoding Info:    Redeclaring text command \IJ (encoding OT1) on input li
ne 2080.
LaTeX Encoding Info:    Redeclaring text command \ij (encoding T1) on input lin
e 2082.
LaTeX Encoding Info:    Redeclaring text command \IJ (encoding T1) on input lin
e 2083.
LaTeX Encoding Info:    Ignoring declaration for text command \ij (encoding ?) 
on input line 2084.
LaTeX Encoding Info:    Ignoring declaration for text command \IJ (encoding ?) 
on input line 2086.
LaTeX Encoding Info:    Ignoring declaration for text command \SS (encoding ?) 
on input line 2111.
\U@D=\dimen165
\l@unhyphenated=\language3

(/usr/share/texmf-dist/tex/generic/babel/txtbabel.def)
\bbl@readstream=\read2
\bbl@dirlevel=\count290

(/usr/share/texmf-dist/tex/generic/babel/locale/en/babel-english.tex)
Package babel Info: Importing font and identification data for english
(babel)             from babel-en.ini. Reported on input line 4330.

(/usr/share/texmf-dist/tex/generic/babel-english/english.ldf
Language: english 2017/06/06 v3.3r English support from the babel system
Package babel Info: Hyphen rules for 'british' set to \l@english
(babel)             (\language0). Reported on input line 82.
Package babel Info: Hyphen rules for 'UKenglish' set to \l@english
(babel)             (\language0). Reported on input line 83.
Package babel Info: Hyphen rules for 'canadian' set to \l@english
(babel)             (\language0). Reported on input line 102.
Package babel Info: Hyphen rules for 'australian' set to \l@english
(babel)             (\language0). Reported on input line 105.
Package babel Info: Hyphen rules for 'newzealand' set to \l@english
(babel)             (\language0). Reported on input line 108.
))
(/usr/share/texmf-dist/tex/latex/setspace/setspace.sty
Package: setspace 2022/12/04 v6.7b set line spacing
)
\titlebox=\skip72
)
(/usr/share/texmf-dist/tex/latex/graphics/graphicx.sty
Package: graphicx 2024/12/31 v1.2e Enhanced LaTeX Graphics (DPC,SPQR)

(/usr/share/texmf-dist/tex/latex/graphics/graphics.sty
Package: graphics 2024/08/06 v1.4g Standard LaTeX Graphics (DPC,SPQR)

(/usr/share/texmf-dist/tex/latex/graphics/trig.sty
Package: trig 2023/12/02 v1.11 sin cos tan (DPC)
)
(/usr/share/texmf-dist/tex/latex/graphics-cfg/graphics.cfg
File: graphics.cfg 2016/06/04 v1.11 sample graphics configuration
)
Package graphics Info: Driver file: pdftex.def on input line 106.

(/usr/share/texmf-dist/tex/latex/graphics-def/pdftex.def
File: pdftex.def 2025/09/29 v1.2d Graphics/color driver for pdftex
))
\Gin@req@height=\dimen166
\Gin@req@width=\dimen167
)
(/usr/share/texmf-dist/tex/latex/amsmath/amsmath.sty
Package: amsmath 2025/07/09 v2.17z AMS math features
\@mathmargin=\skip73

For additional information on amsmath, use the `?' option.
(/usr/share/texmf-dist/tex/latex/amsmath/amstext.sty
Package: amstext 2024/11/17 v2.01 AMS text

(/usr/share/texmf-dist/tex/latex/amsmath/amsgen.sty
File: amsgen.sty 1999/11/30 v2.0 generic functions
\@emptytoks=\toks23
\ex@=\dimen168
))
(/usr/share/texmf-dist/tex/latex/amsmath/amsbsy.sty
Package: amsbsy 1999/11/29 v1.2d Bold Symbols
\pmbraise@=\dimen169
)
(/usr/share/texmf-dist/tex/latex/amsmath/amsopn.sty
Package: amsopn 2022/04/08 v2.04 operator names
)
\inf@bad=\count291
LaTeX Info: Redefining \frac on input line 233.
\uproot@=\count292
\leftroot@=\count293
LaTeX Info: Redefining \overline on input line 398.
LaTeX Info: Redefining \colon on input line 409.
\classnum@=\count294
\DOTSCASE@=\count295
LaTeX Info: Redefining \ldots on input line 495.
LaTeX Info: Redefining \dots on input line 498.
LaTeX Info: Redefining \cdots on input line 619.
\Mathstrutbox@=\box62
\strutbox@=\box63
LaTeX Info: Redefining \big on input line 721.
LaTeX Info: Redefining \Big on input line 722.
LaTeX Info: Redefining \bigg on input line 723.
LaTeX Info: Redefining \Bigg on input line 724.
\big@size=\dimen170
LaTeX Font Info:    Redeclaring font encoding OML on input line 742.
LaTeX Font Info:    Redeclaring font encoding OMS on input line 743.
\macc@depth=\count296
LaTeX Info: Redefining \bmod on input line 904.
LaTeX Info: Redefining \pmod on input line 909.
LaTeX Info: Redefining \smash on input line 939.
LaTeX Info: Redefining \relbar on input line 969.
LaTeX Info: Redefining \Relbar on input line 970.
\c@MaxMatrixCols=\count297
\dotsspace@=\muskip17
\c@parentequation=\count298
\dspbrk@lvl=\count299
\tag@help=\toks24
\row@=\count300
\column@=\count301
\maxfields@=\count302
\andhelp@=\toks25
\eqnshift@=\dimen171
\alignsep@=\dimen172
\tagshift@=\dimen173
\tagwidth@=\dimen174
\totwidth@=\dimen175
\lineht@=\dimen176
\@envbody=\toks26
\multlinegap=\skip74
\multlinetaggap=\skip75
\mathdisplay@stack=\toks27
LaTeX Info: Redefining \[ on input line 2950.
LaTeX Info: Redefining \] on input line 2951.
)
(/usr/share/texmf-dist/tex/latex/booktabs/booktabs.sty
Package: booktabs 2020/01/12 v1.61803398 Publication quality tables
\heavyrulewidth=\dimen177
\lightrulewidth=\dimen178
\cmidrulewidth=\dimen179
\belowrulesep=\dimen180
\belowbottomsep=\dimen181
\aboverulesep=\dimen182
\abovetopsep=\dimen183
\cmidrulesep=\dimen184
\cmidrulekern=\dimen185
\defaultaddspace=\dimen186
\@cmidla=\count303
\@cmidlb=\count304
\@aboverulesep=\dimen187
\@belowrulesep=\dimen188
\@thisruleclass=\count305
\@lastruleclass=\count306
\@thisrulewidth=\dimen189
)
LaTeX Font Info:    Trying to load font information for OT1+ptm on input line 1
5.

(/usr/share/texmf-dist/tex/latex/psnfss/ot1ptm.fd
File: ot1ptm.fd 2001/06/04 font definitions for OT1/ptm.
)
(/usr/share/texmf-dist/tex/latex/l3backend/l3backend-pdftex.def
File: l3backend-pdftex.def 2025-10-09 L3 backend support: PDF output (pdfTeX)
\l__color_backend_stack_int=\count307
)

LaTeX Warning: Unused global option(s):
    [00].


(/home/touhid/Documents/Multi-Horizon-Hazard-Models-for-Battery-Failure-Predict
ion-main/paper_ijphm/main.aux)
\openout1 = `main.aux'.

LaTeX Font Info:    Checking defaults for OML/cmm/m/it on input line 15.
LaTeX Font Info:    ... okay on input line 15.
LaTeX Font Info:    Checking defaults for OMS/cmsy/m/n on input line 15.
LaTeX Font Info:    ... okay on input line 15.
LaTeX Font Info:    Checking defaults for OT1/cmr/m/n on input line 15.
LaTeX Font Info:    ... okay on input line 15.
LaTeX Font Info:    Checking defaults for T1/cmr/m/n on input line 15.
LaTeX Font Info:    ... okay on input line 15.
LaTeX Font Info:    Checking defaults for TS1/cmr/m/n on input line 15.
LaTeX Font Info:    ... okay on input line 15.
LaTeX Font Info:    Checking defaults for OMX/cmex/m/n on input line 15.
LaTeX Font Info:    ... okay on input line 15.
LaTeX Font Info:    Checking defaults for U/cmr/m/n on input line 15.
LaTeX Font Info:    ... okay on input line 15.
Package caption Info: Begin \AtBeginDocument code.
Package caption Info: wrapfig package is loaded.
Package caption Info: End \AtBeginDocument code.
\c@maskedRefs=\count308

(/home/touhid/Documents/Multi-Horizon-Hazard-Models-for-Battery-Failure-Predict
ion-main/paper_ijphm/english.apc
File: english.apc 2013/07/21 v6.03 apacite language file
LaTeX Info: Redefining \BPBI on input line 129.
LaTeX Info: Redefining \BHBI on input line 130.
)
(/usr/share/texmf-dist/tex/context/base/mkii/supp-pdf.mkii
[Loading MPS to PDF converter (version 2006.09.02).]
\scratchcounter=\count309
\scratchdimen=\dimen190
\scratchbox=\box64
\nofMPsegments=\count310
\nofMParguments=\count311
\everyMPshowfont=\toks28
\MPscratchCnt=\count312
\MPscratchDim=\dimen191
\MPnumerator=\count313
\makeMPintoPDFobject=\count314
\everyMPtoPDFconversion=\toks29
) (/usr/share/texmf-dist/tex/latex/epstopdf-pkg/epstopdf-base.sty
Package: epstopdf-base 2020-01-24 v2.11 Base part for package epstopdf
Package epstopdf-base Info: Redefining graphics rule for `.eps' on input line 4
85.

(/usr/share/texmf-dist/tex/latex/latexconfig/epstopdf-sys.cfg
File: epstopdf-sys.cfg 2010/07/13 v1.3 Configuration of (r)epstopdf for TeX Liv
e
))
Underfull \hbox (badness 1184) in paragraph at lines 41--43
\OT1/ptm/m/n/10 dataset, into a validity-focused eval-u-a-tion cov-er-ing four
 []


Underfull \hbox (badness 1147) in paragraph at lines 46--47
\OT1/ptm/m/n/10 Re-view stud-ies group prior meth-ods into physics-based,
 []


Underfull \vbox (badness 10000) has occurred while \output is active []

 [1{/home/touhid/.texlive/texmf-var/fonts/map/pdftex/updmap/pdftex.map}{/usr/sh
are/texmf-dist/fonts/enc/dvips/base/8r.enc}



]
Underfull \hbox (badness 1701) in paragraph at lines 50--51
\OT1/ptm/m/it/10 when a failure-risk model ap-pears to trans-fer be-tween
 []


Underfull \hbox (badness 5302) in paragraph at lines 73--73
[]\OT1/ptm/m/n/10 Groups meth-ods into physics-
 []


Underfull \hbox (badness 2662) in paragraph at lines 73--73
\OT1/ptm/m/n/10 based, data-driven, and hy-brid
 []


Underfull \hbox (badness 1117) in paragraph at lines 73--73
[]\OT1/ptm/m/n/10 Established en-sem-bles for RUL
 []


Underfull \hbox (badness 10000) in paragraph at lines 73--73
[]\OT1/ptm/m/n/10 Transferred SOH re-gres-sion
 []


Underfull \hbox (badness 10000) in paragraph at lines 73--73
\OT1/ptm/m/n/10 across chemistries; re-gres-sion
 []


Underfull \hbox (badness 3250) in paragraph at lines 73--73
[]\OT1/ptm/m/n/10 Multi-model bench-mark, SOH-
 []


Underfull \hbox (badness 4518) in paragraph at lines 73--73
\OT1/ptm/m/n/10 shortcut di-ag-no-sis with label-,
 []


Underfull \hbox (badness 1960) in paragraph at lines 73--73
\OT1/ptm/m/n/10 feature-, and dataset-level con-
 []


Underfull \vbox (badness 10000) has occurred while \output is active []

LaTeX Font Info:    Trying to load font information for TS1+ptm on input line 7
8.

(/usr/share/texmf-dist/tex/latex/psnfss/ts1ptm.fd
File: ts1ptm.fd 2001/06/04 font definitions for TS1/ptm.
)
LaTeX Font Info:    Trying to load font information for OMS+ptm on input line 8
0.

(/usr/share/texmf-dist/tex/latex/psnfss/omsptm.fd
File: omsptm.fd 
)
LaTeX Font Info:    Font shape `OMS/ptm/m/n' in size <10> not available
(Font)              Font shape `OMS/cmsy/m/n' tried instead on input line 80.

Underfull \hbox (badness 1817) in paragraph at lines 80--81
\OT1/ptm/m/n/10 trans-fer: min-i-mal base-lines (a distance-to-threshold
 []


Underfull \hbox (badness 6001) in paragraph at lines 80--81
\OT1/ptm/m/n/10 same-chemistry cross-laboratory con-trols (NASA$\OMS/cmsy/m/n/1
0 $$
 []


Underfull \hbox (badness 1776) in paragraph at lines 90--91
[]\OT1/ptm/m/n/10 Following the orig-i-nal pro-to-col []Shikdar & Laak-so-nen,
 []


Underfull \vbox (badness 10000) has occurred while \output is active []

 [2]
Underfull \hbox (badness 1043) in paragraph at lines 96--98
\OT1/ptm/m/n/10 where $\OML/cmm/m/it/10 Q[]$ \OT1/ptm/m/n/10 is the dis-charge 
ca-pac-ity at cy-cle $\OML/cmm/m/it/10 k$\OT1/ptm/m/n/10 . The
 []


Underfull \vbox (badness 10000) has occurred while \output is active []


Underfull \hbox (badness 1303) in paragraph at lines 116--117
\OT1/ptm/m/n/10 aged un-der ran-dom-ized charge--discharge pro-files at
 []


Underfull \hbox (badness 3240) in paragraph at lines 117--118
[]\OT1/ptm/b/n/10 2) CALCE LCO/CX2 []\OT1/ptm/m/n/10 CALCE Bat-tery Re-search
 []

[3]
Underfull \vbox (badness 10000) has occurred while \output is active []


Overfull \hbox (16.00331pt too wide) in paragraph at lines 146--147
[]\OT1/ptm/b/n/10 SOH-only \OT1/ptm/m/n/10 lo-gis-tic re-gres-sion, $[]\OT1/cmr
/m/n/10 (\OML/cmm/m/it/10 y[][]\OT1/cmr/m/n/10 1) = \OML/cmm/m/it/10 ^^[\OT1/cm
r/m/n/10 (\OML/cmm/m/it/10 a[] [][] \OT1/cmr/m/n/10 +
 []


Underfull \vbox (badness 1708) has occurred while \output is active []

 [4]
LaTeX Font Info:    Trying to load font information for OT1+pcr on input line 1
70.

(/usr/share/texmf-dist/tex/latex/psnfss/ot1pcr.fd
File: ot1pcr.fd 2001/06/04 font definitions for OT1/pcr.
)
Underfull \hbox (badness 1460) in paragraph at lines 169--171
\OT1/ptm/m/n/10 by lo-gis-tic re-gres-sion; iso-tonic re-gres-sion []Zadrozny &

 []


Underfull \hbox (badness 1571) in paragraph at lines 169--171
\OT1/ptm/m/n/10 Elkan, 2002) fits the non-decreasing step func-tion that
 []


Underfull \hbox (badness 2035) in paragraph at lines 180--181
[]\OT1/ptm/b/n/10 Cross-chemistry \OT1/ptm/m/n/10 (LCO$\OMS/cmsy/m/n/10 !$\OT1/
ptm/m/n/10 LFP): NASA, CALCE, or
 []


Underfull \hbox (badness 10000) in paragraph at lines 181--182
\OT1/ptm/m/n/10 CALCE and CALCE$\OMS/cmsy/m/n/10 !$\OT1/ptm/m/n/10 NASA (LCO$\O
MS/cmsy/m/n/10 !$\OT1/ptm/m/n/10 LCO) and
 []


Underfull \hbox (badness 2460) in paragraph at lines 189--190
[]\OT1/ptm/m/n/10 The De-Long non-para-met-ric test []DeLong, De-Long, &
 []

[5]
Underfull \hbox (badness 2285) in paragraph at lines 200--201
\OT1/ptm/m/n/10 out on CALCE, 5-fold cell-grouped cross-validation on
 []

<../paper_ieee_access/figs/fig_reliability_v2.png, id=30, 515.0442pt x 211.5102
pt>
File: ../paper_ieee_access/figs/fig_reliability_v2.png Graphic file (type png)
<use ../paper_ieee_access/figs/fig_reliability_v2.png>
Package pdftex.def Info: ../paper_ieee_access/figs/fig_reliability_v2.png  used
 on input line 253.
(pdftex.def)             Requested size: 455.2979pt x 186.97833pt.

Underfull \vbox (badness 10000) has occurred while \output is active []

<../paper_ieee_access/figs/fig_collapse_map.png, id=32, 513.5988pt x 168.1482pt
>
File: ../paper_ieee_access/figs/fig_collapse_map.png Graphic file (type png)
<use ../paper_ieee_access/figs/fig_collapse_map.png>
Package pdftex.def Info: ../paper_ieee_access/figs/fig_collapse_map.png  used o
n input line 315.
(pdftex.def)             Requested size: 480.59395pt x 157.34346pt.

Underfull \vbox (badness 10000) has occurred while \output is active []

 [6]
Underfull \vbox (badness 10000) has occurred while \output is active []


Underfull \vbox (badness 10000) has occurred while \output is active []

 [7 <../paper_ieee_access/figs/fig_reliability_v2.png>]
Underfull \vbox (badness 10000) has occurred while \output is active []


Underfull \vbox (badness 10000) has occurred while \output is active []

 [8 <../paper_ieee_access/figs/fig_collapse_map.png>]
Underfull \hbox (badness 1824) in paragraph at lines 415--416
\OT1/ptm/m/n/10 trans-fers par-tially even with-out SOH (0.870 to 0.849),
 []


Underfull \vbox (badness 1014) has occurred while \output is active []


Underfull \vbox (badness 10000) has occurred while \output is active []

 [9]

LaTeX Warning: Text page 10 contains only floats.


Overfull \vbox (13.66826pt too high) has occurred while \output is active []



LaTeX Warning: Text page 10 contains only floats.


Overfull \vbox (13.66826pt too high) has occurred while \output is active []


[10]
Underfull \vbox (badness 10000) has occurred while \output is active []

<Fig06a_XGBoost_SHAP.png, id=52, 317.988pt x 267.399pt>
File: Fig06a_XGBoost_SHAP.png Graphic file (type png)
<use Fig06a_XGBoost_SHAP.png>
Package pdftex.def Info: Fig06a_XGBoost_SHAP.png  used on input line 515.
(pdftex.def)             Requested size: 430.00958pt x 361.61774pt.
<Fig06d_XGBoost_SHAP_noSOH.png, id=53, 317.988pt x 267.399pt>
File: Fig06d_XGBoost_SHAP_noSOH.png Graphic file (type png)
<use Fig06d_XGBoost_SHAP_noSOH.png>
Package pdftex.def Info: Fig06d_XGBoost_SHAP_noSOH.png  used on input line 526.

(pdftex.def)             Requested size: 430.00958pt x 361.61774pt.

Underfull \vbox (badness 10000) has occurred while \output is active []

 [11]
Underfull \vbox (badness 1389) has occurred while \output is active []

 [12 </home/touhid/Documents/Multi-Horizon-Hazard-Models-for-Battery-Failure-Pr
ediction-main/paper_ijphm/figs/Fig06a_XGBoost_SHAP.png>]
Underfull \vbox (badness 10000) has occurred while \output is active []

 [13 </home/touhid/Documents/Multi-Horizon-Hazard-Models-for-Battery-Failure-Pr
ediction-main/paper_ijphm/figs/Fig06d_XGBoost_SHAP_noSOH.png>]
Underfull \hbox (badness 1087) in paragraph at lines 557--558
\OT1/ptm/m/n/10 cost-based op-er-at-ing point on the shifted tar-get with-out
 []


Underfull \hbox (badness 1831) in paragraph at lines 559--560
\OT1/ptm/m/n/10 cross-chemistry ag-ing cam-paigns that iso-late chem-istry;
 []


Underfull \hbox (badness 1515) in paragraph at lines 562--563
[]\OT1/ptm/m/n/10 This work re-ceived no ex-ter-nal fund-ing. The au-thors
 []


Overfull \hbox (8.08875pt too wide) in paragraph at lines 562--563
\OT1/pcr/m/n/10 https://github.com/touhidsiddiqueeraj-bit/
 []


Underfull \hbox (badness 10000) in paragraph at lines 562--563
\OT1/pcr/m/n/10 Multi-Horizon-Hazard-Models-for-Battery-
 []


(/home/touhid/Documents/Multi-Horizon-Hazard-Models-for-Battery-Failure-Predict
ion-main/paper_ijphm/main.bbl [14])
[leftcolumn badness]: 1000000 on 11.70996pt
[rightcolumn badness]: 1000000 on 11.70996pt
[leftcolumn badness]: 1000000 on 11.70996pt
[rightcolumn badness]: 1000000 on 11.70996pt
[leftcolumn badness]: 1000000 on 11.70996pt
[rightcolumn badness]: 1000000 on 11.70996pt
[leftcolumn badness]: 1000000 on 11.70996pt
[rightcolumn badness]: 1000000 on 11.70996pt
[leftcolumn badness]: 1000000 on 11.70996pt
[rightcolumn badness]: 1000000 on 11.70996pt
- LAST -
Extra skip:12.0pt
Left:70.0pt/1.7749pt
Right:58.0pt/1.7749pt
Split: 70.0pt
Output:70.0pt
Pageshrink: 0.0pt
Pagestretch: 0.0pt
@colht:650.43pt
FLUSHEND [output]: 70.0pt
FLUSHEND [leftcolumn badness]: 0
FUSHEND [rightcolumn badness]: 10000
 [15]
(/home/touhid/Documents/Multi-Horizon-Hazard-Models-for-Battery-Failure-Predict
ion-main/paper_ijphm/main.aux)
 ***********
LaTeX2e <2025-11-01>
L3 programming layer <2026-01-19>
 ***********
 ) 
Here is how much of TeX's memory you used:
 6261 strings out of 469515
 104462 string characters out of 5470807
 548931 words of memory out of 5000000
 34839 multiletter control sequences out of 15000+600000
 651916 words of font info for 82 fonts, out of 8000000 for 9000
 14 hyphenation exceptions out of 8191
 70i,12n,79p,2240b,469s stack positions out of 10000i,1000n,20000p,200000b,200000s
</usr/share/texmf-dist/fonts/type1/public/amsfonts/cm/cmbx10.pfb></usr/share/
texmf-dist/fonts/type1/public/amsfonts/cm/cmex10.pfb></usr/share/texmf-dist/fon
ts/type1/public/amsfonts/cm/cmmi10.pfb></usr/share/texmf-dist/fonts/type1/publi
c/amsfonts/cm/cmmi7.pfb></usr/share/texmf-dist/fonts/type1/public/amsfonts/cm/c
mr10.pfb></usr/share/texmf-dist/fonts/type1/public/amsfonts/cm/cmr7.pfb></usr/s
hare/texmf-dist/fonts/type1/public/amsfonts/cm/cmsy10.pfb></usr/share/texmf-dis
t/fonts/type1/public/amsfonts/cm/cmsy7.pfb></usr/share/texmf-dist/fonts/type1/p
ublic/amsfonts/cm/cmsy9.pfb></usr/share/texmf-dist/fonts/type1/urw/courier/ucrr
8a.pfb></usr/share/texmf-dist/fonts/type1/urw/times/utmb8a.pfb></usr/share/texm
f-dist/fonts/type1/urw/times/utmr8a.pfb></usr/share/texmf-dist/fonts/type1/urw/
times/utmri8a.pfb>
Output written on main.pdf (15 pages, 540418 bytes).
PDF statistics:
 128 PDF objects out of 1000 (max. 8388607)
 76 compressed objects within 1 object stream
 0 named destinations out of 1000 (max. 500000)
 21 words of extra memory for PDF output out of 10000 (max. 10000000)

